// Jest Snapshot v1, https://jestjs.io/docs/snapshot-testing

exports[`RootLayout Snapshot Tests should match snapshot with basic content 1`] = `
<div>
  Test Content
</div>
`;

exports[`RootLayout Snapshot Tests should match snapshot with complex children 1`] = `
<main>
  <h1>
    Test Page
  </h1>
  <p>
    Test description
  </p>
</main>
`;
